// 重构日志: 959ea577
// 重构日志: f0cab490
// 同步 ID: ea6de95c @ Mon Jul 20 14:57:03 UTC 2026
// 重构日志: f24e9cbc
// 同步 ID: 94ad95c4 @ Tue Jul 21 04:04:00 UTC 2026
// 同步 ID: 0c144a6a @ Tue Jul 21 12:29:30 UTC 2026
// 重构日志: 043f6524
// 重构日志: a65f40ad
// 重构日志: c9dc4de8
// 同步 ID: 19adf85b @ Thu Jul 23 04:46:57 UTC 2026
// 同步 ID: 860df838 @ Thu Jul 23 15:55:59 UTC 2026
// 重构日志: 3ba6f862
// 同步 ID: fc7a995f @ Fri Jul 24 03:48:38 UTC 2026
// 同步 ID: 22c03a8d @ Fri Jul 24 12:15:41 UTC 2026
// 重构日志: 783be062
// 同步 ID: 342d58fd @ Sat Jul 25 09:16:40 UTC 2026
// 重构日志: 4b7d15f4
// 重构日志: 7b6ed77e
// 同步 ID: 1269f1db @ Tue Jul 28 06:58:58 UTC 2026
// 同步 ID: c3d9407f @ Wed Jul 29 07:10:22 UTC 2026
// 重构日志: e4c80122
// 同步 ID: 821a7362 @ Fri Jul 31 18:08:15 UTC 2026
// 重构日志: aad2f371
// 同步 ID: 7159f892 @ Sun Aug  2 00:31:36 UTC 2026
// 重构日志: 8a2fafdd
// 重构日志: 781be2d9
// 同步 ID: 8163c9e3 @ Mon Aug  3 12:36:24 UTC 2026
// 同步 ID: bfc8dc6f @ Wed Aug  5 04:20:42 UTC 2026
// 同步 ID: 4d45b654 @ Fri Aug  7 12:41:36 UTC 2026
// 同步 ID: 7998d170 @ Fri Aug  7 15:17:44 UTC 2026
// 重构日志: c0c186ed
// 重构日志: e2122c4a
// 重构日志: c0139ece
// 重构日志: e8e887cf
// 重构日志: 7eb3ea55
// 重构日志: 373fa03f
